PS D:\MajorProject\EzyAid> docker exec -it mysql_ezyaid mysql -u mysql -p
Enter password: 
ERROR 1045 (28000): Access denied for user 'mysql'@'localhost' (using password: YES)

What's next:
    Try Docker Debug for seamless, persistent debugging tools in any container or image → docker debug mysql_ezyaid
    Learn more at https://docs.docker.com/go/debug-cli/
PS D:\MajorProject\EzyAid> docker exec -it mysql_ezyaid bash
bash-4.4# mysql -u root -p
Enter password: 
Welcome to the MySQL monitor.  Commands end with ; or \g.
Your MySQL connection id is 15
Server version: 8.2.0 MySQL Community Server - GPL








Copyright (c) 2000, 2023, Oracle and/or its affiliates.

Copyright (c) 2000, 2023, Oracle and/or its affiliates.

Copyright (c) 2000, 2023, Oracle and/or its affiliates.     

Copyright (c) 2000, 2023, Oracle and/or its affiliates.

Oracle is a registered trademark of Oracle Corporation and/or its
affiliates. Other names may be trademarks of their respective
owners.

Type 'help;' or '\h' for help. Type '\c' to clear the current input statement.

mysql> use ezyaid;
Database changed
mysql> show tables;
Empty set (0.00 sec)

mysql>









Copyright (c) 2000, 2023, Oracle and/or its affiliates.

Oracle is a registered trademark of Oracle Corporation and/or its
affiliates. Other names may be trademarks of their respective
owners.

Type 'help;' or '\h' for help. Type '\c' to clear the current input statement.

mysql> use ezyaid;
Database changed
mysql> show tables;

Copyright (c) 2000, 2023, Oracle and/or its affiliates.

Oracle is a registered trademark of Oracle Corporation and/or its



Copyright (c) 2000, 2023, Oracle and/or its affiliates.

Oracle is a registered trademark of Oracle Corporation and/or its
affiliates. Other names may be trademarks of their respective
owners.

Type 'help;' or '\h' for help. Type '\c' to clear the current input statement.

mysql> use ezyaid;
Database changed
mysql> show tables;
Empty set (0.00 sec)

mysql> desc schemeDirectory;
+----------------------+----------+------+-----+---------+-------+
| Field                | Type     | Null | Key | Default | Extra |
+----------------------+----------+------+-----+---------+-------+
| id                   | int      | NO   |     | NULL    |       |
| scheme_name          | longtext | YES  |     | NULL    |       |
| open_date            | longtext | YES  |     | NULL    |       |
| state                | longtext | YES  |     | NULL    |       |
| implementing_agency  | longtext | YES  |     | NULL    |       |
| category             | longtext | YES  |     | NULL    |       |
| subcategory          | longtext | YES  |     | NULL    |       |
| tags                 | longtext | YES  |     | NULL    |       |
| brief_description    | longtext | YES  |     | NULL    |       |
| detailed_description | longtext | YES  |     | NULL    |       |
| benefits             | longtext | YES  |     | NULL    |       |
| exclusions           | longtext | YES  |     | NULL    |       |
| eligibility_criteria | longtext | YES  |     | NULL    |       |
| application_process  | longtext | YES  |     | NULL    |       |
| documents_required   | longtext | YES  |     | NULL    |       |
+----------------------+----------+------+-----+---------+-------+
15 rows in set (0.03 sec)

mysql> INSERT INTO schemeDirectory (id, name) VALUES (12345, 'Debezium test');
ERROR 1054 (42S22): Unknown column 'name' in 'field list'
mysql> INSERT INTO schemeDirectory (id, scheme_name) VALUES (100, 'Debezium
 test');
Query OK, 1 row affected (0.03 sec)

mysql>
Query OK, 1 row affected (0.03 sec)

mysql> INSERT INTO schemeDirectory (id, scheme_name) VALUES (101, 'Debezium test 2');
Query OK, 1 row affected (0.03 sec)

mysql> INSERT INTO schemeDirectory (id, scheme_name) VALUES (102, 'Debezium test 3');
Query OK, 1 row affected (0.02 sec)

mysql>